// Jest Snapshot v1, https://goo.gl/fbAQLP

exports[`withEditable should match snapshot 1`] = `
<WithEditable(MockComponent)
  testProp={1}
>
  <Editable>
    <MockComponent
      onCancel={[Function]}
      onChange={[Function]}
      onCommit={[Function]}
      onStart={[Function]}
      status="PRESENTING"
      testProp={1}
    />
  </Editable>
</WithEditable(MockComponent)>
`;
